// Jest Snapshot v1, https://goo.gl/fbAQLP

exports[`renders a snap shot of button 1`] = `
<button
  onClick={[Function]}
  style={
    Object {
      "backgroundColor": "green",
    }
  }
>
  the color is 
  green
</button>
`;

exports[`renders a snapshot 1`] = `
<div
  className="App"
>
  <header
    className="App-header"
  >
    <img
      alt="logo"
      className="App-logo"
      src="logo.svg"
    />
    <p>
      Edit 
      <code>
        src/App.js
      </code>
       and save to reload.
    </p>
    <a
      className="App-link"
      href="https://reactjs.org"
      rel="noopener noreferrer"
      target="_blank"
    >
      Learn React
    </a>
  </header>
</div>
`;
